\BOOKMARK [1][-]{section.1}{\376\377\000G\000r\000u\000n\000d\000l\000e\000g\000e\000n\000d\000e\000\040\000A\000n\000i\000m\000a\000t\000i\000o\000n\000e\000n}{}% 1
\BOOKMARK [2][-]{subsection.1.1}{\376\377\000C\000r\000e\000a\000t\000e}{section.1}% 2
\BOOKMARK [2][-]{subsection.1.2}{\376\377\000W\000r\000i\000t\000e}{section.1}% 3
\BOOKMARK [2][-]{subsection.1.3}{\376\377\000A\000d\000d\000T\000e\000x\000t\000L\000e\000t\000t\000e\000r\000B\000y\000L\000e\000t\000t\000e\000r\000\040\000u\000n\000d\000\040\000A\000d\000d\000T\000e\000x\000t\000W\000o\000r\000d\000B\000y\000W\000o\000r\000d}{section.1}% 4
\BOOKMARK [2][-]{subsection.1.4}{\376\377\000D\000r\000a\000w\000B\000o\000r\000d\000e\000r\000T\000h\000e\000n\000F\000i\000l\000l}{section.1}% 5
\BOOKMARK [1][-]{section.2}{\376\377\000W\000e\000i\000t\000e\000r\000e\000\040\000A\000n\000i\000m\000a\000t\000i\000o\000n\000e\000n}{}% 6
\BOOKMARK [2][-]{subsection.2.1}{\376\377\000S\000h\000o\000w\000I\000n\000c\000r\000e\000a\000s\000i\000n\000g\000S\000u\000b\000s\000e\000t\000s}{section.2}% 7
\BOOKMARK [2][-]{subsection.2.2}{\376\377\000S\000h\000o\000w\000S\000u\000b\000m\000o\000b\000j\000e\000c\000t\000s\000O\000n\000e\000B\000y\000O\000n\000e}{section.2}% 8
\BOOKMARK [2][-]{subsection.2.3}{\376\377\000S\000p\000i\000r\000a\000l\000I\000n}{section.2}% 9
\BOOKMARK [2][-]{subsection.2.4}{\376\377\000U\000n\000c\000r\000e\000a\000t\000e\000,\000\040\000U\000n\000w\000r\000i\000t\000e}{section.2}% 10
\BOOKMARK [2][-]{subsection.2.5}{\376\377\000F\000a\000d\000e\000I\000n\000,\000\040\000F\000a\000d\000e\000O\000u\000t}{section.2}% 11
\BOOKMARK [2][-]{subsection.2.6}{\376\377\000G\000r\000o\000w}{section.2}% 12
\BOOKMARK [1][-]{section.3}{\376\377\000I\000n\000d\000i\000c\000a\000t\000i\000o\000n\000s}{}% 13
\BOOKMARK [2][-]{subsection.3.1}{\376\377\000A\000p\000p\000l\000y\000W\000a\000v\000e}{section.3}% 14
\BOOKMARK [2][-]{subsection.3.2}{\376\377\000B\000l\000i\000n\000k}{section.3}% 15
\BOOKMARK [2][-]{subsection.3.3}{\376\377\000C\000i\000r\000c\000u\000m\000s\000c\000r\000i\000b\000e}{section.3}% 16
\BOOKMARK [2][-]{subsection.3.4}{\376\377\000F\000l\000a\000s\000h}{section.3}% 17
\BOOKMARK [2][-]{subsection.3.5}{\376\377\000F\000o\000c\000u\000s\000O\000n}{section.3}% 18
\BOOKMARK [2][-]{subsection.3.6}{\376\377\000I\000n\000d\000i\000c\000a\000t\000e}{section.3}% 19
\BOOKMARK [2][-]{subsection.3.7}{\376\377\000S\000h\000o\000w\000P\000a\000s\000s\000i\000n\000g\000F\000l\000a\000s\000h}{section.3}% 20
\BOOKMARK [2][-]{subsection.3.8}{\376\377\000W\000i\000g\000g\000l\000e}{section.3}% 21
\BOOKMARK [2][-]{subsection.3.9}{\376\377\000C\000o\000m\000p\000l\000e\000x\000H\000o\000m\000o\000t\000o\000p\000y\000,\000\040\000H\000o\000m\000o\000t\000o\000p\000y}{section.3}% 22
\BOOKMARK [2][-]{subsection.3.10}{\376\377\000M\000o\000v\000e\000A\000l\000o\000n\000g\000P\000a\000t\000h}{section.3}% 23
\BOOKMARK [1][-]{section.4}{\376\377\000r\000o\000t\000a\000t\000e\000\050\000\051\000\040\000v\000s\000.\000\040\000a\000n\000i\000m\000a\000t\000e\000.\000r\000o\000t\000a\000t\000e\000\050\000\051}{}% 24
\BOOKMARK [1][-]{section.5}{\376\377\000T\000r\000a\000n\000s\000f\000o\000r\000m\000-\000A\000n\000i\000m\000a\000t\000i\000o\000n\000e\000n}{}% 25
